Checking for Python virtual environment...
Activating virtual environment...
Installing/Upgrading dependencies from requirements.txt...
Requirement already satisfied: Django in .\.venv\Lib\site-packages (from -r requirements.txt (line 1)) (6.0.4)
Requirement already satisfied: djangorestframework in .\.venv\Lib\site-packages (from -r requirements.txt (line 2)) (3.17.1)
Requirement already satisfied: django-allauth in .\.venv\Lib\site-packages (from -r requirements.txt (line 3)) (65.15.1)
Requirement already satisfied: django-cors-headers in .\.venv\Lib\site-packages (from -r requirements.txt (line 4)) (4.9.0)
Requirement already satisfied: Pillow in .\.venv\Lib\site-packages (from -r requirements.txt (line 5)) (12.2.0)
Requirement already satisfied: requests in .\.venv\Lib\site-packages (from -r requirements.txt (line 6)) (2.33.1)
Requirement already satisfied: reportlab in .\.venv\Lib\site-packages (from -r requirements.txt (line 7)) (4.4.10)
Requirement already satisfied: twilio in .\.venv\Lib\site-packages (from -r requirements.txt (line 8)) (9.10.4)
Requirement already satisfied: python-decouple in .\.venv\Lib\site-packages (from -r requirements.txt (line 9)) (3.8)
Requirement already satisfied: qrcode in .\.venv\Lib\site-packages (from -r requirements.txt (line 10)) (8.2)
Requirement already satisfied: asgiref>=3.9.1 in .\.venv\Lib\site-packages (from Django->-r requirements.txt (line 1)) (3.11.1)
Requirement already satisfied: sqlparse>=0.5.0 in .\.venv\Lib\site-packages (from Django->-r requirements.txt (line 1)) (0.5.5)
Requirement already satisfied: tzdata in .\.venv\Lib\site-packages (from Django->-r requirements.txt (line 1)) (2025.3)
Requirement already satisfied: charset_normalizer<4,>=2 in .\.venv\Lib\site-packages (from requests->-r requirements.txt (line 6)) (3.4.5)
Requirement already satisfied: idna<4,>=2.5 in .\.venv\Lib\site-packages (from requests->-r requirements.txt (line 6)) (3.11)
Requirement already satisfied: urllib3<3,>=1.26 in .\.venv\Lib\site-packages (from requests->-r requirements.txt (line 6)) (2.6.3)
Requirement already satisfied: certifi>=2023.5.7 in .\.venv\Lib\site-packages (from requests->-r requirements.txt (line 6)) (2026.2.25)
Requirement already satisfied: PyJWT<3.0.0,>=2.0.0 in .\.venv\Lib\site-packages (from twilio->-r requirements.txt (line 8)) (2.11.0)
Requirement already satisfied: aiohttp>=3.8.4 in .\.venv\Lib\site-packages (from twilio->-r requirements.txt (line 8)) (3.13.3)
Requirement already satisfied: aiohttp-retry>=2.8.3 in .\.venv\Lib\site-packages (from twilio->-r requirements.txt (line 8)) (2.9.1)
Requirement already satisfied: colorama in .\.venv\Lib\site-packages (from qrcode->-r requirements.txt (line 10)) (0.4.6)
Requirement already satisfied: aiohappyeyeballs>=2.5.0 in .\.venv\Lib\site-packages (from aiohttp>=3.8.4->twilio->-r requirements.txt (line 8)) (2.6.1)
Requirement already satisfied: aiosignal>=1.4.0 in .\.venv\Lib\site-packages (from aiohttp>=3.8.4->twilio->-r requirements.txt (line 8)) (1.4.0)
Requirement already satisfied: attrs>=17.3.0 in .\.venv\Lib\site-packages (from aiohttp>=3.8.4->twilio->-r requirements.txt (line 8)) (25.4.0)
Requirement already satisfied: frozenlist>=1.1.1 in .\.venv\Lib\site-packages (from aiohttp>=3.8.4->twilio->-r requirements.txt (line 8)) (1.8.0)
Requirement already satisfied: multidict<7.0,>=4.5 in .\.venv\Lib\site-packages (from aiohttp>=3.8.4->twilio->-r requirements.txt (line 8)) (6.7.1)
Requirement already satisfied: propcache>=0.2.0 in .\.venv\Lib\site-packages (from aiohttp>=3.8.4->twilio->-r requirements.txt (line 8)) (0.4.1)
Requirement already satisfied: yarl<2.0,>=1.17.0 in .\.venv\Lib\site-packages (from aiohttp>=3.8.4->twilio->-r requirements.txt (line 8)) (1.23.0)
Checking for .env file...
Fixing django.contrib.sites migration history (SQLite dev helper)...
fix_sites_migration: ensured django_site and marked sites migrations applied.
Running Django migrations...
Operations to perform:
  Apply all migrations: account, admin, auth, contenttypes, school, sessions, sites, socialaccount
Running migrations:
  No migrations to apply.
Bootstrapping default Super Admin (if enabled in .env)...
bootstrap_superadmin: ensured super admin 'admin' (created=False).
Starting Django development server...
Access the application at http://127.0.0.1:8000/ or http://localhost:8000/
Performing system checks...

System check identified no issues (0 silenced).
April 12, 2026 - 09:54:20
Django version 6.0.4, using settings 'bjs_management.settings'
Starting development server at http://127.0.0.1:8000/
Quit the server with CTRL-BREAK.

WARNING: This is a development server. Do not use it in a production setting. Use a production WSGI or ASGI server instead.
For more information on production servers see: https://docs.djangoproject.com/en/6.0/howto/deployment/
Performing system checks...

System check identified no issues (0 silenced).
April 12, 2026 - 10:10:12
Django version 6.0.4, using settings 'bjs_management.settings'
Starting development server at http://127.0.0.1:8000/
Quit the server with CTRL-BREAK.

WARNING: This is a development server. Do not use it in a production setting. Use a production WSGI or ASGI server instead.
For more information on production servers see: https://docs.djangoproject.com/en/6.0/howto/deployment/
Performing system checks...

System check identified no issues (0 silenced).
April 12, 2026 - 10:11:19
Django version 6.0.4, using settings 'bjs_management.settings'
Starting development server at http://127.0.0.1:8000/
Quit the server with CTRL-BREAK.

WARNING: This is a development server. Do not use it in a production setting. Use a production WSGI or ASGI server instead.
For more information on production servers see: https://docs.djangoproject.com/en/6.0/howto/deployment/
Performing system checks...

System check identified no issues (0 silenced).
April 12, 2026 - 10:11:27
Django version 6.0.4, using settings 'bjs_management.settings'
Starting development server at http://127.0.0.1:8000/
Quit the server with CTRL-BREAK.

WARNING: This is a development server. Do not use it in a production setting. Use a production WSGI or ASGI server instead.
For more information on production servers see: https://docs.djangoproject.com/en/6.0/howto/deployment/
Performing system checks...

System check identified no issues (0 silenced).
April 12, 2026 - 10:11:39
Django version 6.0.4, using settings 'bjs_management.settings'
Starting development server at http://127.0.0.1:8000/
Quit the server with CTRL-BREAK.

WARNING: This is a development server. Do not use it in a production setting. Use a production WSGI or ASGI server instead.
For more information on production servers see: https://docs.djangoproject.com/en/6.0/howto/deployment/
Performing system checks...

System check identified no issues (0 silenced).
April 12, 2026 - 10:12:00
Django version 6.0.4, using settings 'bjs_management.settings'
Starting development server at http://127.0.0.1:8000/
Quit the server with CTRL-BREAK.

WARNING: This is a development server. Do not use it in a production setting. Use a production WSGI or ASGI server instead.
For more information on production servers see: https://docs.djangoproject.com/en/6.0/howto/deployment/
Performing system checks...

System check identified no issues (0 silenced).
April 12, 2026 - 10:12:15
Django version 6.0.4, using settings 'bjs_management.settings'
Starting development server at http://127.0.0.1:8000/
Quit the server with CTRL-BREAK.

WARNING: This is a development server. Do not use it in a production setting. Use a production WSGI or ASGI server instead.
For more information on production servers see: https://docs.djangoproject.com/en/6.0/howto/deployment/
bootstrap_superadmin: ensured super admin 'admin' (created=False).
Starting Django development server...
Access the application at http://127.0.0.1:8000/ or http://localhost:8000/
Performing system checks...

System check identified no issues (0 silenced).
April 12, 2026 - 10:24:16
Django version 6.0.4, using settings 'bjs_management.settings'
Starting development server at http://127.0.0.1:8000/
Quit the server with CTRL-BREAK.

WARNING: This is a development server. Do not use it in a production setting. Use a production WSGI or ASGI server instead.
For more information on production servers see: https://docs.djangoproject.com/en/6.0/howto/deployment/
